
Memory Configuration

Name             Origin             Length             Attributes
mem              0x0000000000000000 0x0000000000004000 xrw
*default*        0x0000000000000000 0xffffffffffffffff

Linker script and memory map

                0x0000000000004000                __top_mem = (ORIGIN (mem) + LENGTH (mem))

.text           0x0000000000000000       0xc0
 *(.text.entry)
 *(.text*)
 .text          0x0000000000000000       0x7e /tmp/cc7sM5if.o
                0x0000000000000000                entry
                0x0000000000000036                finish
                0x0000000000000040                iputc
                0x0000000000000048                iputs
                0x000000000000005e                iprintf
 .text          0x000000000000007e       0x42 /tmp/ccjgmjhd.o
                0x000000000000007e                test_add
                0x00000000000000aa                main
                0x00000000000000c0                . = ALIGN (0x4)
 *fill*         0x00000000000000c0        0x0 

.rodata         0x00000000000000c0       0x38
 *(.rodata)
 *(.rodata.*)
 .rodata.str1.4
                0x00000000000000c0       0x37 /tmp/ccjgmjhd.o
                0x00000000000000f8                . = ALIGN (0x4)
 *fill*         0x00000000000000f7        0x1 
                0x00000000000000f8                _etext = .

.rela.dyn       0x00000000000000f8        0x0
 .rela.text     0x00000000000000f8        0x0 /tmp/cc7sM5if.o

.data           0x00000000000000f8        0x0
 *(.data)
 .data          0x00000000000000f8        0x0 /tmp/cc7sM5if.o
 .data          0x00000000000000f8        0x0 /tmp/ccjgmjhd.o
 *(.data.*)
 *(.sdata)
 *(.sdata.*)
                0x00000000000000f8                . = ALIGN (0x4)

.bss            0x00000000000000f8        0x0
                0x00000000000000f8                _bss = .
 *(.bss*)
 .bss           0x00000000000000f8        0x0 /tmp/cc7sM5if.o
 .bss           0x00000000000000f8        0x0 /tmp/ccjgmjhd.o
 *(COMMON)
                0x00000000000000f8                . = ALIGN (0x4)
                0x00000000000000f8                _ebss = .
                [!provide]                        PROVIDE (_end = .)
                [!provide]                        PROVIDE (_stack_top = __top_mem)
LOAD /tmp/cc7sM5if.o
LOAD /tmp/ccjgmjhd.o
LOAD /mnt/c/Ubuntu/bin/gcc-riscv-none/bin/../lib/gcc/riscv-none-embed/10.2.0/rv32imc/ilp32/libgcc.a
START GROUP
LOAD /mnt/c/Ubuntu/bin/gcc-riscv-none/bin/../lib/gcc/riscv-none-embed/10.2.0/rv32imc/ilp32/libgcc.a
LOAD /mnt/c/Ubuntu/bin/gcc-riscv-none/bin/../lib/gcc/riscv-none-embed/10.2.0/../../../../riscv-none-embed/lib/rv32imc/ilp32/libg.a
LOAD /mnt/c/Ubuntu/bin/gcc-riscv-none/bin/../lib/gcc/riscv-none-embed/10.2.0/../../../../riscv-none-embed/lib/rv32imc/ilp32/libc.a
END GROUP
LOAD /mnt/c/Ubuntu/bin/gcc-riscv-none/bin/../lib/gcc/riscv-none-embed/10.2.0/rv32imc/ilp32/libgcc.a
OUTPUT(test.elf elf32-littleriscv)

.comment        0x0000000000000000       0x33
 .comment       0x0000000000000000       0x33 /tmp/cc7sM5if.o
                                         0x34 (size before relaxing)
 .comment       0x0000000000000033       0x34 /tmp/ccjgmjhd.o
